// Jest Snapshot v1, https://goo.gl/fbAQLP

exports[`AddQuestion uses given text through props 1`] = `
<button
  className="button"
  onClick={[Function]}
>
  custom text
</button>
`;
